=== Wed Oct  7 22:57:09 CDT 2026 noise attention_block
 "pairwise_p90": 0.021083500000000033,
 "pairwise_max": 0.029125500000000026
}
=== Wed Oct  7 22:57:31 CDT 2026 verify attention_block
| `optimus/batch_aten_add` | option | on | no_effect | 1->1 | 3->3 | 4,198,400->4,198,400 |  |
| `optimus/batch_linear_post_grad` | option | on | no_effect | 1->1 | 3->3 | 4,198,400->4,198,400 |  |

=== Wed Oct  7 22:59:55 CDT 2026 sweep attention_block
| `sched/inplace_buffers` | off | 0.928 | +0.003 | +0.3 |  | 1 | True |
| `lowering/freezing` | on | 0.925 | -0.000 | -0.0 |  | 1 | True |

=== Wed Oct  7 23:00:12 CDT 2026 noise norm_mlp
 "pairwise_p90": 0.0428955000000002,
 "pairwise_max": 0.04670850000000004
}
=== Wed Oct  7 23:00:35 CDT 2026 verify norm_mlp
| `optimus/batch_aten_add` | option | on | no_effect | 3->3 | 2->2 | 1,573,376->1,573,376 |  |
| `optimus/batch_linear_post_grad` | option | on | no_effect | 3->3 | 2->2 | 1,573,376->1,573,376 |  |

=== Wed Oct  7 23:02:58 CDT 2026 sweep norm_mlp
| `joint/joint_graph.patterns/pointless_convert` | off | 1.059 | +0.002 | +0.2 |  | 3 | True |
| `post_grad/post_grad.pass_patterns[1]/reciprocal_sqrt_to_rsqrt` | off | 1.058 | +0.000 | +0.0 |  | 3 | True |

=== Wed Oct  7 23:03:23 CDT 2026 noise decode_mlp
 "pairwise_p90": 0.044625,
 "pairwise_max": 0.046062500000000006
}
=== Wed Oct  7 23:03:44 CDT 2026 verify decode_mlp
| `optimus/batch_aten_add` | option | on | no_effect | 1->1 | 3->3 | 20,480->20,480 |  |
| `optimus/batch_linear_post_grad` | option | on | no_effect | 1->1 | 3->3 | 20,480->20,480 |  |

=== Wed Oct  7 23:05:49 CDT 2026 sweep decode_mlp
| `lowering/freezing` | on | 0.191 | -0.003 | -1.4 |  | 1 | True |
| `sched/inplace_buffers` | off | 0.191 | -0.002 | -1.1 |  | 1 | True |

=== Wed Oct  7 23:06:02 CDT 2026 chain done
=== Wed Oct  7 23:06:02 CDT 2026 attribute attention_block (timing)

## Verdict: interaction
- note: 2 rewrites only hurt together (no single one reproduces)

Culprit change(s):
- `-joint/joint_graph.patterns/_sfdp_pattern_11_inference`  (alone: fast)
- `-joint/joint_graph.patterns/_sfdp_pattern_12_inference`  (alone: fast)

## Kernel-level difference (fast -> fast + culprits)
- median ms: 0.919 -> 1.244
- fused kernels: 1 -> 4
- extern/fallback calls: 3 -> 4
- intermediate allocation bytes: 4,198,400 -> 11,591,680
- static loads/stores: 12/4 -> 19/14
- kernels only with culprits: cpp_fused__softmax_abs_all_amax_div_eq_mul_ne_sub_view, cpp_fused_clone_split_transpose_view, cpp_fused_clone_transpose_view
- externs only in fast: torch.ops.aten._scaled_dot_product_flash_attention_for_cpu
- externs only with culprits: extern_kernels.bmm, extern_kernels.bmm
- rule firings changed: joint/joint_graph.pass_patterns[1]/div_softmax_pattern: 0->1, joint/joint_graph.patterns/_sfdp_pattern_11_inference: 1->0, joint/joint_graph.patterns/bmm_to_mm: 0->2
- rules suppressed by the culprit state: joint/joint_graph.patterns/_sfdp_pattern_11_inference x1, joint/joint_graph.patterns/_sfdp_pattern_12_inference x1

## Search trace
| step | changes tried | verdict | value | reference | note |
|---|---|---|---|---|---|
| 0 |  | fast | 0.919 | 0.926 |  |
| 63 | -joint/joint_graph.patterns/_sfdp_pattern_11_inference, -joint/joint_graph.patterns/_sfdp_pattern_12_half_inference, -jo | slow | 1.25 | 0.926 |  |
| 32 | -joint/joint_graph.patterns/_sfdp_pattern_11_inference, -joint/joint_graph.patterns/_sfdp_pattern_12_half_inference, -jo | slow | 1.25 | 0.926 |  |
| 16 | -joint/joint_graph.patterns/_sfdp_pattern_11_inference, -joint/joint_graph.patterns/_sfdp_pattern_12_half_inference, -jo | slow | 1.238 | 0.926 |  |
| 8 | -joint/joint_graph.patterns/_sfdp_pattern_11_inference, -joint/joint_graph.patterns/_sfdp_pattern_12_half_inference, -jo | slow | 1.249 | 0.926 |  |
| 4 | -joint/joint_graph.patterns/_sfdp_pattern_11_inference, -joint/joint_graph.patterns/_sfdp_pattern_12_half_inference, -jo | slow | 1.243 | 0.926 |  |
| 2 | -joint/joint_graph.patterns/_sfdp_pattern_11_inference, -joint/joint_graph.patterns/_sfdp_pattern_12_half_inference | fast | 0.926 | 0.926 |  |
| 2 | -joint/joint_graph.patterns/_sfdp_pattern_12_inference, -joint/joint_graph.patterns/_sfdp_pattern_13_half_inference | fast | 0.933 | 0.926 |  |
| 1 | -joint/joint_graph.patterns/_sfdp_pattern_11_inference | fast | 0.931 | 0.926 |  |
| 1 | -joint/joint_graph.patterns/_sfdp_pattern_12_half_inference | fast | 0.93 | 0.926 |  |
| 1 | -joint/joint_graph.patterns/_sfdp_pattern_12_inference | fast | 0.922 | 0.926 |  |
| 1 | -joint/joint_graph.patterns/_sfdp_pattern_13_half_inference | fast | 0.936 | 0.926 | re-measured near threshold (second median 0.936) |
| 3 | -joint/joint_graph.patterns/_sfdp_pattern_12_half_inference, -joint/joint_graph.patterns/_sfdp_pattern_12_inference, -jo | fast | 0.927 | 0.926 |  |
| 3 | -joint/joint_graph.patterns/_sfdp_pattern_11_inference, -joint/joint_graph.patterns/_sfdp_pattern_12_inference, -joint/j | slow | 1.237 | 0.926 |  |
| 2 | -joint/joint_graph.patterns/_sfdp_pattern_11_inference, -joint/joint_graph.patterns/_sfdp_pattern_13_half_inference | fast | 0.922 | 0.926 |  |
| 2 | -joint/joint_graph.patterns/_sfdp_pattern_11_inference, -joint/joint_graph.patterns/_sfdp_pattern_12_inference | slow | 1.244 | 0.926 |  |

=== Wed Oct  7 23:06:52 CDT 2026 noise resnet18
 "pairwise_p90": 0.34316699999999756,
 "pairwise_max": 0.4513544999999972
}
=== Wed Oct  7 23:07:40 CDT 2026 verify resnet18
| `optimus/batch_aten_add` | option | on | no_effect | 14->14 | 21->21 | 30,052,352->30,052,352 |  |
| `optimus/batch_linear_post_grad` | option | on | no_effect | 14->14 | 21->21 | 30,052,352->30,052,352 |  |

=== Wed Oct  7 23:11:08 CDT 2026 sweep resnet18
| `sched/inplace_buffers` | off | 26.239 | +0.121 | +0.5 |  | 14 | True |
| `master/post_grad_passes` | off | 26.099 | -0.019 | -0.1 |  | 14 | True |

=== Wed Oct  7 23:11:36 CDT 2026 noise bert_base_eagerattn
 "pairwise_p90": 1.6326245000000057,
 "pairwise_max": 1.7075829999999996
}
=== Wed Oct  7 23:13:11 CDT 2026 verify bert_base_eagerattn
| `optimus/batch_aten_add` | option | on | no_effect | 5->5 | 84->84 | 383,885,312->383,885,312 |  |
| `optimus/batch_linear_post_grad` | option | on | no_effect | 5->5 | 84->84 | 383,885,312->383,885,312 |  |

=== Wed Oct  7 23:19:15 CDT 2026 sweep bert_base_eagerattn
| `lowering/freezing` | on | 84.159 | -0.204 | -0.2 |  | 5 | True |
| `sched/inplace_buffers` | off | 84.197 | -0.166 | -0.2 |  | 5 | True |

=== Wed Oct  7 23:20:23 CDT 2026 noise gpt2_prefill
 "pairwise_p90": 0.9994174999999998,
 "pairwise_max": 1.1245829999999941
}
=== Wed Oct  7 23:21:56 CDT 2026 verify gpt2_prefill
| `optimus/batch_aten_add` | option | on | no_effect | 10->10 | 61->61 | 118,659,072->118,659,072 |  |
| `optimus/batch_linear_post_grad` | option | on | no_effect | 10->10 | 61->61 | 118,659,072->118,659,072 |  |

=== Wed Oct  7 23:28:41 CDT 2026 sweep gpt2_prefill
| `joint/constant_folding` | off | 62.683 | +0.235 | +0.4 |  | 10 | True |
| `joint/joint_graph.early_patterns/pointless_view` | off | 62.559 | +0.112 | +0.2 |  | 10 | True |

=== Wed Oct  7 23:30:13 CDT 2026 chain done
=== Wed Oct  7 23:30:13 CDT 2026 mac chain done
